[INFO] Scanning for projects...
[INFO] 
[INFO] --------------------------< dz.sh.trc:hyflo >---------------------------
[INFO] Building HyFloAPI 0.2.4
[INFO]   from pom.xml
[INFO] --------------------------------[ jar ]---------------------------------
[INFO] 
[INFO] --- resources:3.3.1:resources (default-resources) @ hyflo ---
[INFO] Copying 2 resources from src\main\resources to target\classes
[INFO] Copying 35 resources from src\main\resources to target\classes
[INFO] 
[INFO] --- compiler:3.14.1:compile (default-compile) @ hyflo ---
[INFO] Recompiling the module because of changed source code.
[INFO] Compiling 654 source files with javac [debug parameters release 17] to target\classes
[INFO] -------------------------------------------------------------
[ERROR] COMPILATION ERROR : 
[INFO] -------------------------------------------------------------
[ERROR] /C:/Developing/Workspace/Backend/HyFloAPI/src/main/java/dz/sh/trc/hyflo/core/flow/measurement/repository/FlowReadingRepository.java:[9,39] cannot find symbol
  symbol:   class BaseRepository
  location: package dz.sh.trc.hyflo.platform.kernel
[ERROR] /C:/Developing/Workspace/Backend/HyFloAPI/src/main/java/dz/sh/trc/hyflo/core/flow/measurement/repository/FlowReadingRepository.java:[12,48] cannot find symbol
  symbol: class BaseRepository
[ERROR] /C:/Developing/Workspace/Backend/HyFloAPI/src/main/java/dz/sh/trc/hyflo/core/flow/measurement/repository/FlowVolumeReadingRepository.java:[4,39] cannot find symbol
  symbol:   class BaseRepository
  location: package dz.sh.trc.hyflo.platform.kernel
[ERROR] /C:/Developing/Workspace/Backend/HyFloAPI/src/main/java/dz/sh/trc/hyflo/core/flow/measurement/repository/FlowVolumeReadingRepository.java:[6,54] cannot find symbol
  symbol: class BaseRepository
[ERROR] /C:/Developing/Workspace/Backend/HyFloAPI/src/main/java/dz/sh/trc/hyflo/core/flow/measurement/repository/SegmentFlowReadingRepository.java:[4,39] cannot find symbol
  symbol:   class BaseRepository
  location: package dz.sh.trc.hyflo.platform.kernel
[ERROR] /C:/Developing/Workspace/Backend/HyFloAPI/src/main/java/dz/sh/trc/hyflo/core/flow/measurement/repository/SegmentFlowReadingRepository.java:[6,55] cannot find symbol
  symbol: class BaseRepository
[ERROR] /C:/Developing/Workspace/Backend/HyFloAPI/src/main/java/dz/sh/trc/hyflo/core/flow/measurement/service/implementation/FlowReadingServiceImpl.java:[32,39] cannot find symbol
  symbol:   class ResourceNotFoundException
  location: package dz.sh.trc.hyflo.platform.kernel
[ERROR] /C:/Developing/Workspace/Backend/HyFloAPI/src/main/java/dz/sh/trc/hyflo/core/flow/measurement/service/implementation/FlowReadingServiceImpl.java:[35,64] wrong number of type arguments; required 5
[ERROR] /C:/Developing/Workspace/Backend/HyFloAPI/src/main/java/dz/sh/trc/hyflo/core/flow/measurement/service/implementation/FlowVolumeReadingServiceImpl.java:[15,70] wrong number of type arguments; required 5
[ERROR] /C:/Developing/Workspace/Backend/HyFloAPI/src/main/java/dz/sh/trc/hyflo/core/flow/measurement/service/implementation/SegmentFlowReadingServiceImpl.java:[15,71] wrong number of type arguments; required 5
[ERROR] /C:/Developing/Workspace/Backend/HyFloAPI/src/main/java/dz/sh/trc/hyflo/core/flow/workflow/service/implementation/WorkflowServiceImpl.java:[27,39] cannot find symbol
  symbol:   class ResourceNotFoundException
  location: package dz.sh.trc.hyflo.platform.kernel
[ERROR] /C:/Developing/Workspace/Backend/HyFloAPI/src/main/java/dz/sh/trc/hyflo/core/flow/workflow/service/implementation/WorkflowStateServiceImpl.java:[18,66] wrong number of type arguments; required 5
[ERROR] /C:/Developing/Workspace/Backend/HyFloAPI/src/main/java/dz/sh/trc/hyflo/core/flow/workflow/service/implementation/WorkflowTargetTypeServiceImpl.java:[18,71] wrong number of type arguments; required 5
[ERROR] /C:/Developing/Workspace/Backend/HyFloAPI/src/main/java/dz/sh/trc/hyflo/configuration/async/AsyncConfig.java:[46,9] cannot find symbol
  symbol:   variable log
  location: class dz.sh.trc.hyflo.configuration.async.AsyncConfig
[ERROR] /C:/Developing/Workspace/Backend/HyFloAPI/src/main/java/dz/sh/trc/hyflo/core/system/security/model/User.java:[73,8] dz.sh.trc.hyflo.core.system.security.model.User is not abstract and does not override abstract method getUsername() in org.springframework.security.core.userdetails.UserDetails
[ERROR] /C:/Developing/Workspace/Backend/HyFloAPI/src/main/java/dz/sh/trc/hyflo/core/system/security/model/User.java:[270,30] cannot find symbol
  symbol:   method getRoles()
  location: variable group of type dz.sh.trc.hyflo.core.system.security.model.Group
[ERROR] /C:/Developing/Workspace/Backend/HyFloAPI/src/main/java/dz/sh/trc/hyflo/core/system/security/model/User.java:[271,52] cannot find symbol
  symbol:   method getRoles()
  location: variable group of type dz.sh.trc.hyflo.core.system.security.model.Group
[ERROR] /C:/Developing/Workspace/Backend/HyFloAPI/src/main/java/dz/sh/trc/hyflo/core/general/organization/model/Employee.java:[89,21] cannot find symbol
  symbol:   method getFirstNameLt()
  location: class dz.sh.trc.hyflo.core.general.organization.model.Employee
[ERROR] /C:/Developing/Workspace/Backend/HyFloAPI/src/main/java/dz/sh/trc/hyflo/core/general/organization/model/Employee.java:[89,49] cannot find symbol
  symbol:   method getLastNameLt()
  location: class dz.sh.trc.hyflo.core.general.organization.model.Employee
[ERROR] /C:/Developing/Workspace/Backend/HyFloAPI/src/main/java/dz/sh/trc/hyflo/core/general/organization/model/Employee.java:[92,21] cannot find symbol
  symbol:   method getFirstNameLt()
  location: class dz.sh.trc.hyflo.core.general.organization.model.Employee
[ERROR] /C:/Developing/Workspace/Backend/HyFloAPI/src/main/java/dz/sh/trc/hyflo/core/general/organization/model/Employee.java:[93,32] cannot find symbol
  symbol:   method getLastNameLt()
  location: class dz.sh.trc.hyflo.core.general.organization.model.Employee
[ERROR] /C:/Developing/Workspace/Backend/HyFloAPI/src/main/java/dz/sh/trc/hyflo/core/general/organization/model/Employee.java:[95,21] cannot find symbol
  symbol:   method getLastNameLt()
  location: class dz.sh.trc.hyflo.core.general.organization.model.Employee
[ERROR] /C:/Developing/Workspace/Backend/HyFloAPI/src/main/java/dz/sh/trc/hyflo/core/general/organization/model/Employee.java:[96,32] cannot find symbol
  symbol:   method getFirstNameLt()
  location: class dz.sh.trc.hyflo.core.general.organization.model.Employee
[ERROR] /C:/Developing/Workspace/Backend/HyFloAPI/src/main/java/dz/sh/trc/hyflo/core/general/organization/model/Employee.java:[98,24] cannot find symbol
  symbol:   method getFirstNameLt()
  location: class dz.sh.trc.hyflo.core.general.organization.model.Employee
[ERROR] /C:/Developing/Workspace/Backend/HyFloAPI/src/main/java/dz/sh/trc/hyflo/core/general/organization/model/Employee.java:[98,49] cannot find symbol
  symbol:   method getLastNameLt()
  location: class dz.sh.trc.hyflo.core.general.organization.model.Employee
[ERROR] /C:/Developing/Workspace/Backend/HyFloAPI/src/main/java/dz/sh/trc/hyflo/core/general/organization/model/Employee.java:[105,21] cannot find symbol
  symbol:   method getFirstNameAr()
  location: class dz.sh.trc.hyflo.core.general.organization.model.Employee
[ERROR] /C:/Developing/Workspace/Backend/HyFloAPI/src/main/java/dz/sh/trc/hyflo/core/general/organization/model/Employee.java:[105,49] cannot find symbol
  symbol:   method getLastNameAr()
  location: class dz.sh.trc.hyflo.core.general.organization.model.Employee
[ERROR] /C:/Developing/Workspace/Backend/HyFloAPI/src/main/java/dz/sh/trc/hyflo/core/general/organization/model/Employee.java:[108,21] cannot find symbol
  symbol:   method getFirstNameAr()
  location: class dz.sh.trc.hyflo.core.general.organization.model.Employee
[ERROR] /C:/Developing/Workspace/Backend/HyFloAPI/src/main/java/dz/sh/trc/hyflo/core/general/organization/model/Employee.java:[109,32] cannot find symbol
  symbol:   method getLastNameAr()
  location: class dz.sh.trc.hyflo.core.general.organization.model.Employee
[ERROR] /C:/Developing/Workspace/Backend/HyFloAPI/src/main/java/dz/sh/trc/hyflo/core/general/organization/model/Employee.java:[109,58] cannot find symbol
  symbol:   method getLastNameAr()
  location: class dz.sh.trc.hyflo.core.general.organization.model.Employee
[ERROR] /C:/Developing/Workspace/Backend/HyFloAPI/src/main/java/dz/sh/trc/hyflo/core/general/organization/model/Employee.java:[111,21] cannot find symbol
  symbol:   method getLastNameAr()
  location: class dz.sh.trc.hyflo.core.general.organization.model.Employee
[ERROR] /C:/Developing/Workspace/Backend/HyFloAPI/src/main/java/dz/sh/trc/hyflo/core/general/organization/model/Employee.java:[112,32] cannot find symbol
  symbol:   method getFirstNameAr()
  location: class dz.sh.trc.hyflo.core.general.organization.model.Employee
[ERROR] /C:/Developing/Workspace/Backend/HyFloAPI/src/main/java/dz/sh/trc/hyflo/core/general/organization/model/Employee.java:[114,24] cannot find symbol
  symbol:   method getFirstNameAr()
  location: class dz.sh.trc.hyflo.core.general.organization.model.Employee
[ERROR] /C:/Developing/Workspace/Backend/HyFloAPI/src/main/java/dz/sh/trc/hyflo/core/general/organization/model/Employee.java:[114,49] cannot find symbol
  symbol:   method getLastNameAr()
  location: class dz.sh.trc.hyflo.core.general.organization.model.Employee
[ERROR] /C:/Developing/Workspace/Backend/HyFloAPI/src/main/java/dz/sh/trc/hyflo/core/system/security/model/Role.java:[104,89] cannot find symbol
  symbol:   method getName()
  location: variable permission of type dz.sh.trc.hyflo.core.system.security.model.Permission
[ERROR] /C:/Developing/Workspace/Backend/HyFloAPI/src/main/java/dz/sh/trc/hyflo/platform/kernel/BaseController.java:[33,9] cannot find symbol
  symbol:   variable log
  location: class dz.sh.trc.hyflo.platform.kernel.BaseController<REQ_C,REQ_U,RES,SUM,E,ID>
[ERROR] /C:/Developing/Workspace/Backend/HyFloAPI/src/main/java/dz/sh/trc/hyflo/platform/kernel/BaseController.java:[40,9] cannot find symbol
  symbol:   variable log
  location: class dz.sh.trc.hyflo.platform.kernel.BaseController<REQ_C,REQ_U,RES,SUM,E,ID>
[ERROR] /C:/Developing/Workspace/Backend/HyFloAPI/src/main/java/dz/sh/trc/hyflo/platform/kernel/BaseController.java:[46,9] cannot find symbol
  symbol:   variable log
  location: class dz.sh.trc.hyflo.platform.kernel.BaseController<REQ_C,REQ_U,RES,SUM,E,ID>
[ERROR] /C:/Developing/Workspace/Backend/HyFloAPI/src/main/java/dz/sh/trc/hyflo/platform/kernel/BaseController.java:[52,9] cannot find symbol
  symbol:   variable log
  location: class dz.sh.trc.hyflo.platform.kernel.BaseController<REQ_C,REQ_U,RES,SUM,E,ID>
[ERROR] /C:/Developing/Workspace/Backend/HyFloAPI/src/main/java/dz/sh/trc/hyflo/platform/kernel/BaseController.java:[62,9] cannot find symbol
  symbol:   variable log
  location: class dz.sh.trc.hyflo.platform.kernel.BaseController<REQ_C,REQ_U,RES,SUM,E,ID>
[ERROR] /C:/Developing/Workspace/Backend/HyFloAPI/src/main/java/dz/sh/trc/hyflo/platform/kernel/BaseController.java:[71,9] cannot find symbol
  symbol:   variable log
  location: class dz.sh.trc.hyflo.platform.kernel.BaseController<REQ_C,REQ_U,RES,SUM,E,ID>
[ERROR] /C:/Developing/Workspace/Backend/HyFloAPI/src/main/java/dz/sh/trc/hyflo/platform/kernel/BaseController.java:[77,9] cannot find symbol
  symbol:   variable log
  location: class dz.sh.trc.hyflo.platform.kernel.BaseController<REQ_C,REQ_U,RES,SUM,E,ID>
[ERROR] /C:/Developing/Workspace/Backend/HyFloAPI/src/main/java/dz/sh/trc/hyflo/platform/kernel/BaseController.java:[83,9] cannot find symbol
  symbol:   variable log
  location: class dz.sh.trc.hyflo.platform.kernel.BaseController<REQ_C,REQ_U,RES,SUM,E,ID>
[ERROR] /C:/Developing/Workspace/Backend/HyFloAPI/src/main/java/dz/sh/trc/hyflo/platform/kernel/BaseController.java:[91,9] cannot find symbol
  symbol:   variable log
  location: class dz.sh.trc.hyflo.platform.kernel.BaseController<REQ_C,REQ_U,RES,SUM,E,ID>
[ERROR] /C:/Developing/Workspace/Backend/HyFloAPI/src/main/java/dz/sh/trc/hyflo/core/flow/measurement/service/implementation/FlowReadingServiceImpl.java:[35,8] dz.sh.trc.hyflo.core.flow.measurement.service.implementation.FlowReadingServiceImpl is not abstract and does not override abstract method count() in dz.sh.trc.hyflo.platform.kernel.BaseService
[ERROR] /C:/Developing/Workspace/Backend/HyFloAPI/src/main/java/dz/sh/trc/hyflo/core/flow/measurement/service/implementation/FlowReadingServiceImpl.java:[48,5] method does not override or implement a method from a supertype
[ERROR] /C:/Developing/Workspace/Backend/HyFloAPI/src/main/java/dz/sh/trc/hyflo/core/flow/measurement/service/implementation/FlowReadingServiceImpl.java:[51,5] method does not override or implement a method from a supertype
[ERROR] /C:/Developing/Workspace/Backend/HyFloAPI/src/main/java/dz/sh/trc/hyflo/core/flow/measurement/service/implementation/FlowReadingServiceImpl.java:[53,28] cannot find symbol
  symbol:   variable referenceResolver
  location: class dz.sh.trc.hyflo.core.flow.measurement.service.implementation.FlowReadingServiceImpl
[ERROR] /C:/Developing/Workspace/Backend/HyFloAPI/src/main/java/dz/sh/trc/hyflo/core/flow/measurement/service/implementation/FlowReadingServiceImpl.java:[54,65] cannot find symbol
  symbol:   variable referenceResolver
  location: class dz.sh.trc.hyflo.core.flow.measurement.service.implementation.FlowReadingServiceImpl
[ERROR] /C:/Developing/Workspace/Backend/HyFloAPI/src/main/java/dz/sh/trc/hyflo/core/flow/measurement/service/implementation/FlowReadingServiceImpl.java:[55,67] cannot find symbol
  symbol:   variable referenceResolver
  location: class dz.sh.trc.hyflo.core.flow.measurement.service.implementation.FlowReadingServiceImpl
[ERROR] /C:/Developing/Workspace/Backend/HyFloAPI/src/main/java/dz/sh/trc/hyflo/core/flow/measurement/service/implementation/FlowReadingServiceImpl.java:[56,65] cannot find symbol
  symbol:   variable referenceResolver
  location: class dz.sh.trc.hyflo.core.flow.measurement.service.implementation.FlowReadingServiceImpl
[ERROR] /C:/Developing/Workspace/Backend/HyFloAPI/src/main/java/dz/sh/trc/hyflo/core/flow/measurement/service/implementation/FlowReadingServiceImpl.java:[57,15] cannot find symbol
  symbol:   method setRecordedAt(java.time.LocalDateTime)
  location: variable entity of type dz.sh.trc.hyflo.core.flow.measurement.model.FlowReading
[ERROR] /C:/Developing/Workspace/Backend/HyFloAPI/src/main/java/dz/sh/trc/hyflo/core/flow/measurement/service/implementation/FlowReadingServiceImpl.java:[63,40] cannot find symbol
  symbol:   method findById(java.lang.Long)
  location: variable repository of type dz.sh.trc.hyflo.core.flow.measurement.repository.FlowReadingRepository
[ERROR] /C:/Developing/Workspace/Backend/HyFloAPI/src/main/java/dz/sh/trc/hyflo/core/flow/measurement/service/implementation/FlowReadingServiceImpl.java:[63,76] cannot find symbol
  symbol:   class ResourceNotFoundException
  location: class dz.sh.trc.hyflo.core.flow.measurement.service.implementation.FlowReadingServiceImpl
[ERROR] /C:/Developing/Workspace/Backend/HyFloAPI/src/main/java/dz/sh/trc/hyflo/core/flow/measurement/service/implementation/FlowReadingServiceImpl.java:[65,15] cannot find symbol
  symbol:   method setWorkflowInstance(dz.sh.trc.hyflo.core.flow.workflow.model.WorkflowInstance)
  location: variable entity of type dz.sh.trc.hyflo.core.flow.measurement.model.FlowReading
[ERROR] /C:/Developing/Workspace/Backend/HyFloAPI/src/main/java/dz/sh/trc/hyflo/core/flow/measurement/service/implementation/FlowReadingServiceImpl.java:[66,15] cannot find symbol
  symbol:   method setSubmittedAt(java.time.LocalDateTime)
  location: variable entity of type dz.sh.trc.hyflo.core.flow.measurement.model.FlowReading
[ERROR] /C:/Developing/Workspace/Backend/HyFloAPI/src/main/java/dz/sh/trc/hyflo/core/flow/measurement/service/implementation/FlowReadingServiceImpl.java:[67,19] cannot find symbol
  symbol:   method save(dz.sh.trc.hyflo.core.flow.measurement.model.FlowReading)
  location: variable repository of type dz.sh.trc.hyflo.core.flow.measurement.repository.FlowReadingRepository
[ERROR] /C:/Developing/Workspace/Backend/HyFloAPI/src/main/java/dz/sh/trc/hyflo/core/flow/measurement/service/implementation/FlowReadingServiceImpl.java:[68,16] cannot find symbol
  symbol:   variable mapper
  location: class dz.sh.trc.hyflo.core.flow.measurement.service.implementation.FlowReadingServiceImpl
[ERROR] /C:/Developing/Workspace/Backend/HyFloAPI/src/main/java/dz/sh/trc/hyflo/core/flow/measurement/service/implementation/FlowReadingServiceImpl.java:[74,40] cannot find symbol
  symbol:   method findById(java.lang.Long)
  location: variable repository of type dz.sh.trc.hyflo.core.flow.measurement.repository.FlowReadingRepository
[ERROR] /C:/Developing/Workspace/Backend/HyFloAPI/src/main/java/dz/sh/trc/hyflo/core/flow/measurement/service/implementation/FlowReadingServiceImpl.java:[74,76] cannot find symbol
  symbol:   class ResourceNotFoundException
  location: class dz.sh.trc.hyflo.core.flow.measurement.service.implementation.FlowReadingServiceImpl
[ERROR] /C:/Developing/Workspace/Backend/HyFloAPI/src/main/java/dz/sh/trc/hyflo/core/flow/measurement/service/implementation/FlowReadingServiceImpl.java:[75,47] cannot find symbol
  symbol:   method getWorkflowInstance()
  location: variable entity of type dz.sh.trc.hyflo.core.flow.measurement.model.FlowReading
[ERROR] /C:/Developing/Workspace/Backend/HyFloAPI/src/main/java/dz/sh/trc/hyflo/core/flow/measurement/service/implementation/FlowReadingServiceImpl.java:[76,16] cannot find symbol
  symbol:   variable mapper
  location: class dz.sh.trc.hyflo.core.flow.measurement.service.implementation.FlowReadingServiceImpl
[ERROR] /C:/Developing/Workspace/Backend/HyFloAPI/src/main/java/dz/sh/trc/hyflo/core/flow/measurement/service/implementation/FlowReadingServiceImpl.java:[82,40] cannot find symbol
  symbol:   method findById(java.lang.Long)
  location: variable repository of type dz.sh.trc.hyflo.core.flow.measurement.repository.FlowReadingRepository
[ERROR] /C:/Developing/Workspace/Backend/HyFloAPI/src/main/java/dz/sh/trc/hyflo/core/flow/measurement/service/implementation/FlowReadingServiceImpl.java:[82,76] cannot find symbol
  symbol:   class ResourceNotFoundException
  location: class dz.sh.trc.hyflo.core.flow.measurement.service.implementation.FlowReadingServiceImpl
[ERROR] /C:/Developing/Workspace/Backend/HyFloAPI/src/main/java/dz/sh/trc/hyflo/core/flow/measurement/service/implementation/FlowReadingServiceImpl.java:[83,47] cannot find symbol
  symbol:   method getWorkflowInstance()
  location: variable entity of type dz.sh.trc.hyflo.core.flow.measurement.model.FlowReading
[ERROR] /C:/Developing/Workspace/Backend/HyFloAPI/src/main/java/dz/sh/trc/hyflo/core/flow/measurement/service/implementation/FlowReadingServiceImpl.java:[84,15] cannot find symbol
  symbol:   method setValidatedAt(java.time.LocalDateTime)
  location: variable entity of type dz.sh.trc.hyflo.core.flow.measurement.model.FlowReading
[ERROR] /C:/Developing/Workspace/Backend/HyFloAPI/src/main/java/dz/sh/trc/hyflo/core/flow/measurement/service/implementation/FlowReadingServiceImpl.java:[85,31] cannot find symbol
  symbol:   variable referenceResolver
  location: class dz.sh.trc.hyflo.core.flow.measurement.service.implementation.FlowReadingServiceImpl
[ERROR] /C:/Developing/Workspace/Backend/HyFloAPI/src/main/java/dz/sh/trc/hyflo/core/flow/measurement/service/implementation/FlowReadingServiceImpl.java:[86,19] cannot find symbol
  symbol:   method save(dz.sh.trc.hyflo.core.flow.measurement.model.FlowReading)
  location: variable repository of type dz.sh.trc.hyflo.core.flow.measurement.repository.FlowReadingRepository
[ERROR] /C:/Developing/Workspace/Backend/HyFloAPI/src/main/java/dz/sh/trc/hyflo/core/flow/measurement/service/implementation/FlowReadingServiceImpl.java:[87,16] cannot find symbol
  symbol:   variable mapper
  location: class dz.sh.trc.hyflo.core.flow.measurement.service.implementation.FlowReadingServiceImpl
[ERROR] /C:/Developing/Workspace/Backend/HyFloAPI/src/main/java/dz/sh/trc/hyflo/core/flow/measurement/service/implementation/FlowReadingServiceImpl.java:[93,40] cannot find symbol
  symbol:   method findById(java.lang.Long)
  location: variable repository of type dz.sh.trc.hyflo.core.flow.measurement.repository.FlowReadingRepository
[ERROR] /C:/Developing/Workspace/Backend/HyFloAPI/src/main/java/dz/sh/trc/hyflo/core/flow/measurement/service/implementation/FlowReadingServiceImpl.java:[93,76] cannot find symbol
  symbol:   class ResourceNotFoundException
  location: class dz.sh.trc.hyflo.core.flow.measurement.service.implementation.FlowReadingServiceImpl
[ERROR] /C:/Developing/Workspace/Backend/HyFloAPI/src/main/java/dz/sh/trc/hyflo/core/flow/measurement/service/implementation/FlowReadingServiceImpl.java:[94,47] cannot find symbol
  symbol:   method getWorkflowInstance()
  location: variable entity of type dz.sh.trc.hyflo.core.flow.measurement.model.FlowReading
[ERROR] /C:/Developing/Workspace/Backend/HyFloAPI/src/main/java/dz/sh/trc/hyflo/core/flow/measurement/service/implementation/FlowReadingServiceImpl.java:[95,15] cannot find symbol
  symbol:   method setValidatedAt(java.time.LocalDateTime)
  location: variable entity of type dz.sh.trc.hyflo.core.flow.measurement.model.FlowReading
[ERROR] /C:/Developing/Workspace/Backend/HyFloAPI/src/main/java/dz/sh/trc/hyflo/core/flow/measurement/service/implementation/FlowReadingServiceImpl.java:[96,31] cannot find symbol
  symbol:   variable referenceResolver
  location: class dz.sh.trc.hyflo.core.flow.measurement.service.implementation.FlowReadingServiceImpl
[ERROR] /C:/Developing/Workspace/Backend/HyFloAPI/src/main/java/dz/sh/trc/hyflo/core/flow/measurement/service/implementation/FlowReadingServiceImpl.java:[97,19] cannot find symbol
  symbol:   method save(dz.sh.trc.hyflo.core.flow.measurement.model.FlowReading)
  location: variable repository of type dz.sh.trc.hyflo.core.flow.measurement.repository.FlowReadingRepository
[ERROR] /C:/Developing/Workspace/Backend/HyFloAPI/src/main/java/dz/sh/trc/hyflo/core/flow/measurement/service/implementation/FlowReadingServiceImpl.java:[98,16] cannot find symbol
  symbol:   variable mapper
  location: class dz.sh.trc.hyflo.core.flow.measurement.service.implementation.FlowReadingServiceImpl
[ERROR] /C:/Developing/Workspace/Backend/HyFloAPI/src/main/java/dz/sh/trc/hyflo/core/flow/measurement/service/implementation/FlowReadingServiceImpl.java:[104,26] cannot find symbol
  symbol:   method findAll(org.springframework.data.domain.Pageable)
  location: variable repository of type dz.sh.trc.hyflo.core.flow.measurement.repository.FlowReadingRepository
[ERROR] /C:/Developing/Workspace/Backend/HyFloAPI/src/main/java/dz/sh/trc/hyflo/core/flow/measurement/service/implementation/FlowReadingServiceImpl.java:[104,49] cannot find symbol
  symbol:   variable mapper
  location: class dz.sh.trc.hyflo.core.flow.measurement.service.implementation.FlowReadingServiceImpl
[ERROR] /C:/Developing/Workspace/Backend/HyFloAPI/src/main/java/dz/sh/trc/hyflo/core/flow/measurement/service/implementation/FlowVolumeReadingServiceImpl.java:[15,8] dz.sh.trc.hyflo.core.flow.measurement.service.implementation.FlowVolumeReadingServiceImpl is not abstract and does not override abstract method count() in dz.sh.trc.hyflo.platform.kernel.BaseService
[ERROR] /C:/Developing/Workspace/Backend/HyFloAPI/src/main/java/dz/sh/trc/hyflo/core/flow/measurement/service/implementation/FlowVolumeReadingServiceImpl.java:[19,5] method does not override or implement a method from a supertype
[ERROR] /C:/Developing/Workspace/Backend/HyFloAPI/src/main/java/dz/sh/trc/hyflo/core/flow/measurement/service/implementation/FlowVolumeReadingServiceImpl.java:[22,5] method does not override or implement a method from a supertype
[ERROR] /C:/Developing/Workspace/Backend/HyFloAPI/src/main/java/dz/sh/trc/hyflo/core/flow/measurement/service/implementation/FlowVolumeReadingServiceImpl.java:[24,34] cannot find symbol
  symbol:   variable referenceResolver
  location: class dz.sh.trc.hyflo.core.flow.measurement.service.implementation.FlowVolumeReadingServiceImpl
[ERROR] /C:/Developing/Workspace/Backend/HyFloAPI/src/main/java/dz/sh/trc/hyflo/core/flow/measurement/service/implementation/FlowVolumeReadingServiceImpl.java:[25,27] cannot find symbol
  symbol:   variable referenceResolver
  location: class dz.sh.trc.hyflo.core.flow.measurement.service.implementation.FlowVolumeReadingServiceImpl
[ERROR] /C:/Developing/Workspace/Backend/HyFloAPI/src/main/java/dz/sh/trc/hyflo/core/flow/measurement/service/implementation/FlowVolumeReadingServiceImpl.java:[26,24] cannot find symbol
  symbol:   variable referenceResolver
  location: class dz.sh.trc.hyflo.core.flow.measurement.service.implementation.FlowVolumeReadingServiceImpl
[ERROR] /C:/Developing/Workspace/Backend/HyFloAPI/src/main/java/dz/sh/trc/hyflo/core/flow/measurement/service/implementation/FlowVolumeReadingServiceImpl.java:[27,30] cannot find symbol
  symbol:   variable referenceResolver
  location: class dz.sh.trc.hyflo.core.flow.measurement.service.implementation.FlowVolumeReadingServiceImpl
[ERROR] /C:/Developing/Workspace/Backend/HyFloAPI/src/main/java/dz/sh/trc/hyflo/core/flow/measurement/service/implementation/FlowVolumeReadingServiceImpl.java:[28,15] cannot find symbol
  symbol:   method setRecordedAt(java.time.LocalDateTime)
  location: variable entity of type dz.sh.trc.hyflo.core.flow.measurement.model.FlowVolumeReading
[ERROR] /C:/Developing/Workspace/Backend/HyFloAPI/src/main/java/dz/sh/trc/hyflo/core/flow/measurement/service/implementation/FlowVolumeReadingServiceImpl.java:[31,5] method does not override or implement a method from a supertype
[ERROR] /C:/Developing/Workspace/Backend/HyFloAPI/src/main/java/dz/sh/trc/hyflo/core/flow/measurement/service/implementation/FlowVolumeReadingServiceImpl.java:[33,53] cannot find symbol
  symbol:   variable referenceResolver
  location: class dz.sh.trc.hyflo.core.flow.measurement.service.implementation.FlowVolumeReadingServiceImpl
[ERROR] /C:/Developing/Workspace/Backend/HyFloAPI/src/main/java/dz/sh/trc/hyflo/core/flow/measurement/service/implementation/SegmentFlowReadingServiceImpl.java:[15,8] dz.sh.trc.hyflo.core.flow.measurement.service.implementation.SegmentFlowReadingServiceImpl is not abstract and does not override abstract method count() in dz.sh.trc.hyflo.platform.kernel.BaseService
[ERROR] /C:/Developing/Workspace/Backend/HyFloAPI/src/main/java/dz/sh/trc/hyflo/core/flow/measurement/service/implementation/SegmentFlowReadingServiceImpl.java:[19,5] method does not override or implement a method from a supertype
[ERROR] /C:/Developing/Workspace/Backend/HyFloAPI/src/main/java/dz/sh/trc/hyflo/core/flow/measurement/service/implementation/SegmentFlowReadingServiceImpl.java:[22,5] method does not override or implement a method from a supertype
[ERROR] /C:/Developing/Workspace/Backend/HyFloAPI/src/main/java/dz/sh/trc/hyflo/core/flow/measurement/service/implementation/SegmentFlowReadingServiceImpl.java:[24,35] cannot find symbol
  symbol:   variable referenceResolver
  location: class dz.sh.trc.hyflo.core.flow.measurement.service.implementation.SegmentFlowReadingServiceImpl
[ERROR] /C:/Developing/Workspace/Backend/HyFloAPI/src/main/java/dz/sh/trc/hyflo/core/flow/measurement/service/implementation/SegmentFlowReadingServiceImpl.java:[25,71] cannot find symbol
  symbol:   variable referenceResolver
  location: class dz.sh.trc.hyflo.core.flow.measurement.service.implementation.SegmentFlowReadingServiceImpl
[ERROR] /C:/Developing/Workspace/Backend/HyFloAPI/src/main/java/dz/sh/trc/hyflo/core/flow/measurement/service/implementation/SegmentFlowReadingServiceImpl.java:[26,15] cannot find symbol
  symbol:   method setCalculatedAt(java.time.LocalDateTime)
  location: variable entity of type dz.sh.trc.hyflo.core.flow.measurement.model.SegmentFlowReading
[ERROR] /C:/Developing/Workspace/Backend/HyFloAPI/src/main/java/dz/sh/trc/hyflo/core/flow/reference/service/implementation/DataSourceServiceImpl.java:[32,15] cannot find symbol
  symbol:   method setSourceNature(dz.sh.trc.hyflo.core.flow.reference.model.ReadingSourceNature)
  location: variable entity of type dz.sh.trc.hyflo.core.flow.reference.model.DataSource
[ERROR] /C:/Developing/Workspace/Backend/HyFloAPI/src/main/java/dz/sh/trc/hyflo/core/flow/reference/service/implementation/DataSourceServiceImpl.java:[38,19] cannot find symbol
  symbol:   method setSourceNature(dz.sh.trc.hyflo.core.flow.reference.model.ReadingSourceNature)
  location: variable entity of type dz.sh.trc.hyflo.core.flow.reference.model.DataSource
[ERROR] /C:/Developing/Workspace/Backend/HyFloAPI/src/main/java/dz/sh/trc/hyflo/core/flow/workflow/service/implementation/WorkflowServiceImpl.java:[57,33] cannot find symbol
  symbol:   method getCode()
  location: variable tt of type dz.sh.trc.hyflo.core.flow.workflow.model.WorkflowTargetType
[ERROR] /C:/Developing/Workspace/Backend/HyFloAPI/src/main/java/dz/sh/trc/hyflo/core/flow/workflow/service/implementation/WorkflowServiceImpl.java:[58,40] cannot find symbol
  symbol:   class ResourceNotFoundException
  location: class dz.sh.trc.hyflo.core.flow.workflow.service.implementation.WorkflowServiceImpl
[ERROR] /C:/Developing/Workspace/Backend/HyFloAPI/src/main/java/dz/sh/trc/hyflo/core/flow/workflow/service/implementation/WorkflowServiceImpl.java:[62,33] cannot find symbol
  symbol:   method getCode()
  location: variable ws of type dz.sh.trc.hyflo.core.flow.workflow.model.WorkflowState
[ERROR] /C:/Developing/Workspace/Backend/HyFloAPI/src/main/java/dz/sh/trc/hyflo/core/flow/workflow/service/implementation/WorkflowServiceImpl.java:[63,40] cannot find symbol
  symbol:   class ResourceNotFoundException
  location: class dz.sh.trc.hyflo.core.flow.workflow.service.implementation.WorkflowServiceImpl
[INFO] 100 errors 
[INFO] -------------------------------------------------------------
[INFO] ------------------------------------------------------------------------
[INFO] BUILD FAILURE
[INFO] ------------------------------------------------------------------------
[INFO] Total time:  20.021 s
[INFO] Finished at: 2026-04-20T20:18:43+01:00
[INFO] ------------------------------------------------------------------------
[ERROR] Failed to execute goal org.apache.maven.plugins:maven-compiler-plugin:3.14.1:compile (default-compile) on project hyflo: Compilation failure: Compilation failure: 
[ERROR] /C:/Developing/Workspace/Backend/HyFloAPI/src/main/java/dz/sh/trc/hyflo/core/flow/measurement/repository/FlowReadingRepository.java:[9,39] cannot find symbol
[ERROR]   symbol:   class BaseRepository
[ERROR]   location: package dz.sh.trc.hyflo.platform.kernel
[ERROR] /C:/Developing/Workspace/Backend/HyFloAPI/src/main/java/dz/sh/trc/hyflo/core/flow/measurement/repository/FlowReadingRepository.java:[12,48] cannot find symbol
[ERROR]   symbol: class BaseRepository
[ERROR] /C:/Developing/Workspace/Backend/HyFloAPI/src/main/java/dz/sh/trc/hyflo/core/flow/measurement/repository/FlowVolumeReadingRepository.java:[4,39] cannot find symbol
[ERROR]   symbol:   class BaseRepository
[ERROR]   location: package dz.sh.trc.hyflo.platform.kernel
[ERROR] /C:/Developing/Workspace/Backend/HyFloAPI/src/main/java/dz/sh/trc/hyflo/core/flow/measurement/repository/FlowVolumeReadingRepository.java:[6,54] cannot find symbol
[ERROR]   symbol: class BaseRepository
[ERROR] /C:/Developing/Workspace/Backend/HyFloAPI/src/main/java/dz/sh/trc/hyflo/core/flow/measurement/repository/SegmentFlowReadingRepository.java:[4,39] cannot find symbol
[ERROR]   symbol:   class BaseRepository
[ERROR]   location: package dz.sh.trc.hyflo.platform.kernel
[ERROR] /C:/Developing/Workspace/Backend/HyFloAPI/src/main/java/dz/sh/trc/hyflo/core/flow/measurement/repository/SegmentFlowReadingRepository.java:[6,55] cannot find symbol
[ERROR]   symbol: class BaseRepository
[ERROR] /C:/Developing/Workspace/Backend/HyFloAPI/src/main/java/dz/sh/trc/hyflo/core/flow/measurement/service/implementation/FlowReadingServiceImpl.java:[32,39] cannot find symbol
[ERROR]   symbol:   class ResourceNotFoundException
[ERROR]   location: package dz.sh.trc.hyflo.platform.kernel
[ERROR] /C:/Developing/Workspace/Backend/HyFloAPI/src/main/java/dz/sh/trc/hyflo/core/flow/measurement/service/implementation/FlowReadingServiceImpl.java:[35,64] wrong number of type arguments; required 5
[ERROR] /C:/Developing/Workspace/Backend/HyFloAPI/src/main/java/dz/sh/trc/hyflo/core/flow/measurement/service/implementation/FlowVolumeReadingServiceImpl.java:[15,70] wrong number of type arguments; required 5
[ERROR] /C:/Developing/Workspace/Backend/HyFloAPI/src/main/java/dz/sh/trc/hyflo/core/flow/measurement/service/implementation/SegmentFlowReadingServiceImpl.java:[15,71] wrong number of type arguments; required 5
[ERROR] /C:/Developing/Workspace/Backend/HyFloAPI/src/main/java/dz/sh/trc/hyflo/core/flow/workflow/service/implementation/WorkflowServiceImpl.java:[27,39] cannot find symbol
[ERROR]   symbol:   class ResourceNotFoundException
[ERROR]   location: package dz.sh.trc.hyflo.platform.kernel
[ERROR] /C:/Developing/Workspace/Backend/HyFloAPI/src/main/java/dz/sh/trc/hyflo/core/flow/workflow/service/implementation/WorkflowStateServiceImpl.java:[18,66] wrong number of type arguments; required 5
[ERROR] /C:/Developing/Workspace/Backend/HyFloAPI/src/main/java/dz/sh/trc/hyflo/core/flow/workflow/service/implementation/WorkflowTargetTypeServiceImpl.java:[18,71] wrong number of type arguments; required 5
[ERROR] /C:/Developing/Workspace/Backend/HyFloAPI/src/main/java/dz/sh/trc/hyflo/configuration/async/AsyncConfig.java:[46,9] cannot find symbol
[ERROR]   symbol:   variable log
[ERROR]   location: class dz.sh.trc.hyflo.configuration.async.AsyncConfig
[ERROR] /C:/Developing/Workspace/Backend/HyFloAPI/src/main/java/dz/sh/trc/hyflo/core/system/security/model/User.java:[73,8] dz.sh.trc.hyflo.core.system.security.model.User is not abstract and does not override abstract method getUsername() in org.springframework.security.core.userdetails.UserDetails
[ERROR] /C:/Developing/Workspace/Backend/HyFloAPI/src/main/java/dz/sh/trc/hyflo/core/system/security/model/User.java:[270,30] cannot find symbol
[ERROR]   symbol:   method getRoles()
[ERROR]   location: variable group of type dz.sh.trc.hyflo.core.system.security.model.Group
[ERROR] /C:/Developing/Workspace/Backend/HyFloAPI/src/main/java/dz/sh/trc/hyflo/core/system/security/model/User.java:[271,52] cannot find symbol
[ERROR]   symbol:   method getRoles()
[ERROR]   location: variable group of type dz.sh.trc.hyflo.core.system.security.model.Group
[ERROR] /C:/Developing/Workspace/Backend/HyFloAPI/src/main/java/dz/sh/trc/hyflo/core/general/organization/model/Employee.java:[89,21] cannot find symbol
[ERROR]   symbol:   method getFirstNameLt()
[ERROR]   location: class dz.sh.trc.hyflo.core.general.organization.model.Employee
[ERROR] /C:/Developing/Workspace/Backend/HyFloAPI/src/main/java/dz/sh/trc/hyflo/core/general/organization/model/Employee.java:[89,49] cannot find symbol
[ERROR]   symbol:   method getLastNameLt()
[ERROR]   location: class dz.sh.trc.hyflo.core.general.organization.model.Employee
[ERROR] /C:/Developing/Workspace/Backend/HyFloAPI/src/main/java/dz/sh/trc/hyflo/core/general/organization/model/Employee.java:[92,21] cannot find symbol
[ERROR]   symbol:   method getFirstNameLt()
[ERROR]   location: class dz.sh.trc.hyflo.core.general.organization.model.Employee
[ERROR] /C:/Developing/Workspace/Backend/HyFloAPI/src/main/java/dz/sh/trc/hyflo/core/general/organization/model/Employee.java:[93,32] cannot find symbol
[ERROR]   symbol:   method getLastNameLt()
[ERROR]   location: class dz.sh.trc.hyflo.core.general.organization.model.Employee
[ERROR] /C:/Developing/Workspace/Backend/HyFloAPI/src/main/java/dz/sh/trc/hyflo/core/general/organization/model/Employee.java:[95,21] cannot find symbol
[ERROR]   symbol:   method getLastNameLt()
[ERROR]   location: class dz.sh.trc.hyflo.core.general.organization.model.Employee
[ERROR] /C:/Developing/Workspace/Backend/HyFloAPI/src/main/java/dz/sh/trc/hyflo/core/general/organization/model/Employee.java:[96,32] cannot find symbol
[ERROR]   symbol:   method getFirstNameLt()
[ERROR]   location: class dz.sh.trc.hyflo.core.general.organization.model.Employee
[ERROR] /C:/Developing/Workspace/Backend/HyFloAPI/src/main/java/dz/sh/trc/hyflo/core/general/organization/model/Employee.java:[98,24] cannot find symbol
[ERROR]   symbol:   method getFirstNameLt()
[ERROR]   location: class dz.sh.trc.hyflo.core.general.organization.model.Employee
[ERROR] /C:/Developing/Workspace/Backend/HyFloAPI/src/main/java/dz/sh/trc/hyflo/core/general/organization/model/Employee.java:[98,49] cannot find symbol
[ERROR]   symbol:   method getLastNameLt()
[ERROR]   location: class dz.sh.trc.hyflo.core.general.organization.model.Employee
[ERROR] /C:/Developing/Workspace/Backend/HyFloAPI/src/main/java/dz/sh/trc/hyflo/core/general/organization/model/Employee.java:[105,21] cannot find symbol
[ERROR]   symbol:   method getFirstNameAr()
[ERROR]   location: class dz.sh.trc.hyflo.core.general.organization.model.Employee
[ERROR] /C:/Developing/Workspace/Backend/HyFloAPI/src/main/java/dz/sh/trc/hyflo/core/general/organization/model/Employee.java:[105,49] cannot find symbol
[ERROR]   symbol:   method getLastNameAr()
[ERROR]   location: class dz.sh.trc.hyflo.core.general.organization.model.Employee
[ERROR] /C:/Developing/Workspace/Backend/HyFloAPI/src/main/java/dz/sh/trc/hyflo/core/general/organization/model/Employee.java:[108,21] cannot find symbol
[ERROR]   symbol:   method getFirstNameAr()
[ERROR]   location: class dz.sh.trc.hyflo.core.general.organization.model.Employee
[ERROR] /C:/Developing/Workspace/Backend/HyFloAPI/src/main/java/dz/sh/trc/hyflo/core/general/organization/model/Employee.java:[109,32] cannot find symbol
[ERROR]   symbol:   method getLastNameAr()
[ERROR]   location: class dz.sh.trc.hyflo.core.general.organization.model.Employee
[ERROR] /C:/Developing/Workspace/Backend/HyFloAPI/src/main/java/dz/sh/trc/hyflo/core/general/organization/model/Employee.java:[109,58] cannot find symbol
[ERROR]   symbol:   method getLastNameAr()
[ERROR]   location: class dz.sh.trc.hyflo.core.general.organization.model.Employee
[ERROR] /C:/Developing/Workspace/Backend/HyFloAPI/src/main/java/dz/sh/trc/hyflo/core/general/organization/model/Employee.java:[111,21] cannot find symbol
[ERROR]   symbol:   method getLastNameAr()
[ERROR]   location: class dz.sh.trc.hyflo.core.general.organization.model.Employee
[ERROR] /C:/Developing/Workspace/Backend/HyFloAPI/src/main/java/dz/sh/trc/hyflo/core/general/organization/model/Employee.java:[112,32] cannot find symbol
[ERROR]   symbol:   method getFirstNameAr()
[ERROR]   location: class dz.sh.trc.hyflo.core.general.organization.model.Employee
[ERROR] /C:/Developing/Workspace/Backend/HyFloAPI/src/main/java/dz/sh/trc/hyflo/core/general/organization/model/Employee.java:[114,24] cannot find symbol
[ERROR]   symbol:   method getFirstNameAr()
[ERROR]   location: class dz.sh.trc.hyflo.core.general.organization.model.Employee
[ERROR] /C:/Developing/Workspace/Backend/HyFloAPI/src/main/java/dz/sh/trc/hyflo/core/general/organization/model/Employee.java:[114,49] cannot find symbol
[ERROR]   symbol:   method getLastNameAr()
[ERROR]   location: class dz.sh.trc.hyflo.core.general.organization.model.Employee
[ERROR] /C:/Developing/Workspace/Backend/HyFloAPI/src/main/java/dz/sh/trc/hyflo/core/system/security/model/Role.java:[104,89] cannot find symbol
[ERROR]   symbol:   method getName()
[ERROR]   location: variable permission of type dz.sh.trc.hyflo.core.system.security.model.Permission
[ERROR] /C:/Developing/Workspace/Backend/HyFloAPI/src/main/java/dz/sh/trc/hyflo/platform/kernel/BaseController.java:[33,9] cannot find symbol
[ERROR]   symbol:   variable log
[ERROR]   location: class dz.sh.trc.hyflo.platform.kernel.BaseController<REQ_C,REQ_U,RES,SUM,E,ID>
[ERROR] /C:/Developing/Workspace/Backend/HyFloAPI/src/main/java/dz/sh/trc/hyflo/platform/kernel/BaseController.java:[40,9] cannot find symbol
[ERROR]   symbol:   variable log
[ERROR]   location: class dz.sh.trc.hyflo.platform.kernel.BaseController<REQ_C,REQ_U,RES,SUM,E,ID>
[ERROR] /C:/Developing/Workspace/Backend/HyFloAPI/src/main/java/dz/sh/trc/hyflo/platform/kernel/BaseController.java:[46,9] cannot find symbol
[ERROR]   symbol:   variable log
[ERROR]   location: class dz.sh.trc.hyflo.platform.kernel.BaseController<REQ_C,REQ_U,RES,SUM,E,ID>
[ERROR] /C:/Developing/Workspace/Backend/HyFloAPI/src/main/java/dz/sh/trc/hyflo/platform/kernel/BaseController.java:[52,9] cannot find symbol
[ERROR]   symbol:   variable log
[ERROR]   location: class dz.sh.trc.hyflo.platform.kernel.BaseController<REQ_C,REQ_U,RES,SUM,E,ID>
[ERROR] /C:/Developing/Workspace/Backend/HyFloAPI/src/main/java/dz/sh/trc/hyflo/platform/kernel/BaseController.java:[62,9] cannot find symbol
[ERROR]   symbol:   variable log
[ERROR]   location: class dz.sh.trc.hyflo.platform.kernel.BaseController<REQ_C,REQ_U,RES,SUM,E,ID>
[ERROR] /C:/Developing/Workspace/Backend/HyFloAPI/src/main/java/dz/sh/trc/hyflo/platform/kernel/BaseController.java:[71,9] cannot find symbol
[ERROR]   symbol:   variable log
[ERROR]   location: class dz.sh.trc.hyflo.platform.kernel.BaseController<REQ_C,REQ_U,RES,SUM,E,ID>
[ERROR] /C:/Developing/Workspace/Backend/HyFloAPI/src/main/java/dz/sh/trc/hyflo/platform/kernel/BaseController.java:[77,9] cannot find symbol
[ERROR]   symbol:   variable log
[ERROR]   location: class dz.sh.trc.hyflo.platform.kernel.BaseController<REQ_C,REQ_U,RES,SUM,E,ID>
[ERROR] /C:/Developing/Workspace/Backend/HyFloAPI/src/main/java/dz/sh/trc/hyflo/platform/kernel/BaseController.java:[83,9] cannot find symbol
[ERROR]   symbol:   variable log
[ERROR]   location: class dz.sh.trc.hyflo.platform.kernel.BaseController<REQ_C,REQ_U,RES,SUM,E,ID>
[ERROR] /C:/Developing/Workspace/Backend/HyFloAPI/src/main/java/dz/sh/trc/hyflo/platform/kernel/BaseController.java:[91,9] cannot find symbol
[ERROR]   symbol:   variable log
[ERROR]   location: class dz.sh.trc.hyflo.platform.kernel.BaseController<REQ_C,REQ_U,RES,SUM,E,ID>
[ERROR] /C:/Developing/Workspace/Backend/HyFloAPI/src/main/java/dz/sh/trc/hyflo/core/flow/measurement/service/implementation/FlowReadingServiceImpl.java:[35,8] dz.sh.trc.hyflo.core.flow.measurement.service.implementation.FlowReadingServiceImpl is not abstract and does not override abstract method count() in dz.sh.trc.hyflo.platform.kernel.BaseService
[ERROR] /C:/Developing/Workspace/Backend/HyFloAPI/src/main/java/dz/sh/trc/hyflo/core/flow/measurement/service/implementation/FlowReadingServiceImpl.java:[48,5] method does not override or implement a method from a supertype
[ERROR] /C:/Developing/Workspace/Backend/HyFloAPI/src/main/java/dz/sh/trc/hyflo/core/flow/measurement/service/implementation/FlowReadingServiceImpl.java:[51,5] method does not override or implement a method from a supertype
[ERROR] /C:/Developing/Workspace/Backend/HyFloAPI/src/main/java/dz/sh/trc/hyflo/core/flow/measurement/service/implementation/FlowReadingServiceImpl.java:[53,28] cannot find symbol
[ERROR]   symbol:   variable referenceResolver
[ERROR]   location: class dz.sh.trc.hyflo.core.flow.measurement.service.implementation.FlowReadingServiceImpl
[ERROR] /C:/Developing/Workspace/Backend/HyFloAPI/src/main/java/dz/sh/trc/hyflo/core/flow/measurement/service/implementation/FlowReadingServiceImpl.java:[54,65] cannot find symbol
[ERROR]   symbol:   variable referenceResolver
[ERROR]   location: class dz.sh.trc.hyflo.core.flow.measurement.service.implementation.FlowReadingServiceImpl
[ERROR] /C:/Developing/Workspace/Backend/HyFloAPI/src/main/java/dz/sh/trc/hyflo/core/flow/measurement/service/implementation/FlowReadingServiceImpl.java:[55,67] cannot find symbol
[ERROR]   symbol:   variable referenceResolver
[ERROR]   location: class dz.sh.trc.hyflo.core.flow.measurement.service.implementation.FlowReadingServiceImpl
[ERROR] /C:/Developing/Workspace/Backend/HyFloAPI/src/main/java/dz/sh/trc/hyflo/core/flow/measurement/service/implementation/FlowReadingServiceImpl.java:[56,65] cannot find symbol
[ERROR]   symbol:   variable referenceResolver
[ERROR]   location: class dz.sh.trc.hyflo.core.flow.measurement.service.implementation.FlowReadingServiceImpl
[ERROR] /C:/Developing/Workspace/Backend/HyFloAPI/src/main/java/dz/sh/trc/hyflo/core/flow/measurement/service/implementation/FlowReadingServiceImpl.java:[57,15] cannot find symbol
[ERROR]   symbol:   method setRecordedAt(java.time.LocalDateTime)
[ERROR]   location: variable entity of type dz.sh.trc.hyflo.core.flow.measurement.model.FlowReading
[ERROR] /C:/Developing/Workspace/Backend/HyFloAPI/src/main/java/dz/sh/trc/hyflo/core/flow/measurement/service/implementation/FlowReadingServiceImpl.java:[63,40] cannot find symbol
[ERROR]   symbol:   method findById(java.lang.Long)
[ERROR]   location: variable repository of type dz.sh.trc.hyflo.core.flow.measurement.repository.FlowReadingRepository
[ERROR] /C:/Developing/Workspace/Backend/HyFloAPI/src/main/java/dz/sh/trc/hyflo/core/flow/measurement/service/implementation/FlowReadingServiceImpl.java:[63,76] cannot find symbol
[ERROR]   symbol:   class ResourceNotFoundException
[ERROR]   location: class dz.sh.trc.hyflo.core.flow.measurement.service.implementation.FlowReadingServiceImpl
[ERROR] /C:/Developing/Workspace/Backend/HyFloAPI/src/main/java/dz/sh/trc/hyflo/core/flow/measurement/service/implementation/FlowReadingServiceImpl.java:[65,15] cannot find symbol
[ERROR]   symbol:   method setWorkflowInstance(dz.sh.trc.hyflo.core.flow.workflow.model.WorkflowInstance)
[ERROR]   location: variable entity of type dz.sh.trc.hyflo.core.flow.measurement.model.FlowReading
[ERROR] /C:/Developing/Workspace/Backend/HyFloAPI/src/main/java/dz/sh/trc/hyflo/core/flow/measurement/service/implementation/FlowReadingServiceImpl.java:[66,15] cannot find symbol
[ERROR]   symbol:   method setSubmittedAt(java.time.LocalDateTime)
[ERROR]   location: variable entity of type dz.sh.trc.hyflo.core.flow.measurement.model.FlowReading
[ERROR] /C:/Developing/Workspace/Backend/HyFloAPI/src/main/java/dz/sh/trc/hyflo/core/flow/measurement/service/implementation/FlowReadingServiceImpl.java:[67,19] cannot find symbol
[ERROR]   symbol:   method save(dz.sh.trc.hyflo.core.flow.measurement.model.FlowReading)
[ERROR]   location: variable repository of type dz.sh.trc.hyflo.core.flow.measurement.repository.FlowReadingRepository
[ERROR] /C:/Developing/Workspace/Backend/HyFloAPI/src/main/java/dz/sh/trc/hyflo/core/flow/measurement/service/implementation/FlowReadingServiceImpl.java:[68,16] cannot find symbol
[ERROR]   symbol:   variable mapper
[ERROR]   location: class dz.sh.trc.hyflo.core.flow.measurement.service.implementation.FlowReadingServiceImpl
[ERROR] /C:/Developing/Workspace/Backend/HyFloAPI/src/main/java/dz/sh/trc/hyflo/core/flow/measurement/service/implementation/FlowReadingServiceImpl.java:[74,40] cannot find symbol
[ERROR]   symbol:   method findById(java.lang.Long)
[ERROR]   location: variable repository of type dz.sh.trc.hyflo.core.flow.measurement.repository.FlowReadingRepository
[ERROR] /C:/Developing/Workspace/Backend/HyFloAPI/src/main/java/dz/sh/trc/hyflo/core/flow/measurement/service/implementation/FlowReadingServiceImpl.java:[74,76] cannot find symbol
[ERROR]   symbol:   class ResourceNotFoundException
[ERROR]   location: class dz.sh.trc.hyflo.core.flow.measurement.service.implementation.FlowReadingServiceImpl
[ERROR] /C:/Developing/Workspace/Backend/HyFloAPI/src/main/java/dz/sh/trc/hyflo/core/flow/measurement/service/implementation/FlowReadingServiceImpl.java:[75,47] cannot find symbol
[ERROR]   symbol:   method getWorkflowInstance()
[ERROR]   location: variable entity of type dz.sh.trc.hyflo.core.flow.measurement.model.FlowReading
[ERROR] /C:/Developing/Workspace/Backend/HyFloAPI/src/main/java/dz/sh/trc/hyflo/core/flow/measurement/service/implementation/FlowReadingServiceImpl.java:[76,16] cannot find symbol
[ERROR]   symbol:   variable mapper
[ERROR]   location: class dz.sh.trc.hyflo.core.flow.measurement.service.implementation.FlowReadingServiceImpl
[ERROR] /C:/Developing/Workspace/Backend/HyFloAPI/src/main/java/dz/sh/trc/hyflo/core/flow/measurement/service/implementation/FlowReadingServiceImpl.java:[82,40] cannot find symbol
[ERROR]   symbol:   method findById(java.lang.Long)
[ERROR]   location: variable repository of type dz.sh.trc.hyflo.core.flow.measurement.repository.FlowReadingRepository
[ERROR] /C:/Developing/Workspace/Backend/HyFloAPI/src/main/java/dz/sh/trc/hyflo/core/flow/measurement/service/implementation/FlowReadingServiceImpl.java:[82,76] cannot find symbol
[ERROR]   symbol:   class ResourceNotFoundException
[ERROR]   location: class dz.sh.trc.hyflo.core.flow.measurement.service.implementation.FlowReadingServiceImpl
[ERROR] /C:/Developing/Workspace/Backend/HyFloAPI/src/main/java/dz/sh/trc/hyflo/core/flow/measurement/service/implementation/FlowReadingServiceImpl.java:[83,47] cannot find symbol
[ERROR]   symbol:   method getWorkflowInstance()
[ERROR]   location: variable entity of type dz.sh.trc.hyflo.core.flow.measurement.model.FlowReading
[ERROR] /C:/Developing/Workspace/Backend/HyFloAPI/src/main/java/dz/sh/trc/hyflo/core/flow/measurement/service/implementation/FlowReadingServiceImpl.java:[84,15] cannot find symbol
[ERROR]   symbol:   method setValidatedAt(java.time.LocalDateTime)
[ERROR]   location: variable entity of type dz.sh.trc.hyflo.core.flow.measurement.model.FlowReading
[ERROR] /C:/Developing/Workspace/Backend/HyFloAPI/src/main/java/dz/sh/trc/hyflo/core/flow/measurement/service/implementation/FlowReadingServiceImpl.java:[85,31] cannot find symbol
[ERROR]   symbol:   variable referenceResolver
[ERROR]   location: class dz.sh.trc.hyflo.core.flow.measurement.service.implementation.FlowReadingServiceImpl
[ERROR] /C:/Developing/Workspace/Backend/HyFloAPI/src/main/java/dz/sh/trc/hyflo/core/flow/measurement/service/implementation/FlowReadingServiceImpl.java:[86,19] cannot find symbol
[ERROR]   symbol:   method save(dz.sh.trc.hyflo.core.flow.measurement.model.FlowReading)
[ERROR]   location: variable repository of type dz.sh.trc.hyflo.core.flow.measurement.repository.FlowReadingRepository
[ERROR] /C:/Developing/Workspace/Backend/HyFloAPI/src/main/java/dz/sh/trc/hyflo/core/flow/measurement/service/implementation/FlowReadingServiceImpl.java:[87,16] cannot find symbol
[ERROR]   symbol:   variable mapper
[ERROR]   location: class dz.sh.trc.hyflo.core.flow.measurement.service.implementation.FlowReadingServiceImpl
[ERROR] /C:/Developing/Workspace/Backend/HyFloAPI/src/main/java/dz/sh/trc/hyflo/core/flow/measurement/service/implementation/FlowReadingServiceImpl.java:[93,40] cannot find symbol
[ERROR]   symbol:   method findById(java.lang.Long)
[ERROR]   location: variable repository of type dz.sh.trc.hyflo.core.flow.measurement.repository.FlowReadingRepository
[ERROR] /C:/Developing/Workspace/Backend/HyFloAPI/src/main/java/dz/sh/trc/hyflo/core/flow/measurement/service/implementation/FlowReadingServiceImpl.java:[93,76] cannot find symbol
[ERROR]   symbol:   class ResourceNotFoundException
[ERROR]   location: class dz.sh.trc.hyflo.core.flow.measurement.service.implementation.FlowReadingServiceImpl
[ERROR] /C:/Developing/Workspace/Backend/HyFloAPI/src/main/java/dz/sh/trc/hyflo/core/flow/measurement/service/implementation/FlowReadingServiceImpl.java:[94,47] cannot find symbol
[ERROR]   symbol:   method getWorkflowInstance()
[ERROR]   location: variable entity of type dz.sh.trc.hyflo.core.flow.measurement.model.FlowReading
[ERROR] /C:/Developing/Workspace/Backend/HyFloAPI/src/main/java/dz/sh/trc/hyflo/core/flow/measurement/service/implementation/FlowReadingServiceImpl.java:[95,15] cannot find symbol
[ERROR]   symbol:   method setValidatedAt(java.time.LocalDateTime)
[ERROR]   location: variable entity of type dz.sh.trc.hyflo.core.flow.measurement.model.FlowReading
[ERROR] /C:/Developing/Workspace/Backend/HyFloAPI/src/main/java/dz/sh/trc/hyflo/core/flow/measurement/service/implementation/FlowReadingServiceImpl.java:[96,31] cannot find symbol
[ERROR]   symbol:   variable referenceResolver
[ERROR]   location: class dz.sh.trc.hyflo.core.flow.measurement.service.implementation.FlowReadingServiceImpl
[ERROR] /C:/Developing/Workspace/Backend/HyFloAPI/src/main/java/dz/sh/trc/hyflo/core/flow/measurement/service/implementation/FlowReadingServiceImpl.java:[97,19] cannot find symbol
[ERROR]   symbol:   method save(dz.sh.trc.hyflo.core.flow.measurement.model.FlowReading)
[ERROR]   location: variable repository of type dz.sh.trc.hyflo.core.flow.measurement.repository.FlowReadingRepository
[ERROR] /C:/Developing/Workspace/Backend/HyFloAPI/src/main/java/dz/sh/trc/hyflo/core/flow/measurement/service/implementation/FlowReadingServiceImpl.java:[98,16] cannot find symbol
[ERROR]   symbol:   variable mapper
[ERROR]   location: class dz.sh.trc.hyflo.core.flow.measurement.service.implementation.FlowReadingServiceImpl
[ERROR] /C:/Developing/Workspace/Backend/HyFloAPI/src/main/java/dz/sh/trc/hyflo/core/flow/measurement/service/implementation/FlowReadingServiceImpl.java:[104,26] cannot find symbol
[ERROR]   symbol:   method findAll(org.springframework.data.domain.Pageable)
[ERROR]   location: variable repository of type dz.sh.trc.hyflo.core.flow.measurement.repository.FlowReadingRepository
[ERROR] /C:/Developing/Workspace/Backend/HyFloAPI/src/main/java/dz/sh/trc/hyflo/core/flow/measurement/service/implementation/FlowReadingServiceImpl.java:[104,49] cannot find symbol
[ERROR]   symbol:   variable mapper
[ERROR]   location: class dz.sh.trc.hyflo.core.flow.measurement.service.implementation.FlowReadingServiceImpl
[ERROR] /C:/Developing/Workspace/Backend/HyFloAPI/src/main/java/dz/sh/trc/hyflo/core/flow/measurement/service/implementation/FlowVolumeReadingServiceImpl.java:[15,8] dz.sh.trc.hyflo.core.flow.measurement.service.implementation.FlowVolumeReadingServiceImpl is not abstract and does not override abstract method count() in dz.sh.trc.hyflo.platform.kernel.BaseService
[ERROR] /C:/Developing/Workspace/Backend/HyFloAPI/src/main/java/dz/sh/trc/hyflo/core/flow/measurement/service/implementation/FlowVolumeReadingServiceImpl.java:[19,5] method does not override or implement a method from a supertype
[ERROR] /C:/Developing/Workspace/Backend/HyFloAPI/src/main/java/dz/sh/trc/hyflo/core/flow/measurement/service/implementation/FlowVolumeReadingServiceImpl.java:[22,5] method does not override or implement a method from a supertype
[ERROR] /C:/Developing/Workspace/Backend/HyFloAPI/src/main/java/dz/sh/trc/hyflo/core/flow/measurement/service/implementation/FlowVolumeReadingServiceImpl.java:[24,34] cannot find symbol
[ERROR]   symbol:   variable referenceResolver
[ERROR]   location: class dz.sh.trc.hyflo.core.flow.measurement.service.implementation.FlowVolumeReadingServiceImpl
[ERROR] /C:/Developing/Workspace/Backend/HyFloAPI/src/main/java/dz/sh/trc/hyflo/core/flow/measurement/service/implementation/FlowVolumeReadingServiceImpl.java:[25,27] cannot find symbol
[ERROR]   symbol:   variable referenceResolver
[ERROR]   location: class dz.sh.trc.hyflo.core.flow.measurement.service.implementation.FlowVolumeReadingServiceImpl
[ERROR] /C:/Developing/Workspace/Backend/HyFloAPI/src/main/java/dz/sh/trc/hyflo/core/flow/measurement/service/implementation/FlowVolumeReadingServiceImpl.java:[26,24] cannot find symbol
[ERROR]   symbol:   variable referenceResolver
[ERROR]   location: class dz.sh.trc.hyflo.core.flow.measurement.service.implementation.FlowVolumeReadingServiceImpl
[ERROR] /C:/Developing/Workspace/Backend/HyFloAPI/src/main/java/dz/sh/trc/hyflo/core/flow/measurement/service/implementation/FlowVolumeReadingServiceImpl.java:[27,30] cannot find symbol
[ERROR]   symbol:   variable referenceResolver
[ERROR]   location: class dz.sh.trc.hyflo.core.flow.measurement.service.implementation.FlowVolumeReadingServiceImpl
[ERROR] /C:/Developing/Workspace/Backend/HyFloAPI/src/main/java/dz/sh/trc/hyflo/core/flow/measurement/service/implementation/FlowVolumeReadingServiceImpl.java:[28,15] cannot find symbol
[ERROR]   symbol:   method setRecordedAt(java.time.LocalDateTime)
[ERROR]   location: variable entity of type dz.sh.trc.hyflo.core.flow.measurement.model.FlowVolumeReading
[ERROR] /C:/Developing/Workspace/Backend/HyFloAPI/src/main/java/dz/sh/trc/hyflo/core/flow/measurement/service/implementation/FlowVolumeReadingServiceImpl.java:[31,5] method does not override or implement a method from a supertype
[ERROR] /C:/Developing/Workspace/Backend/HyFloAPI/src/main/java/dz/sh/trc/hyflo/core/flow/measurement/service/implementation/FlowVolumeReadingServiceImpl.java:[33,53] cannot find symbol
[ERROR]   symbol:   variable referenceResolver
[ERROR]   location: class dz.sh.trc.hyflo.core.flow.measurement.service.implementation.FlowVolumeReadingServiceImpl
[ERROR] /C:/Developing/Workspace/Backend/HyFloAPI/src/main/java/dz/sh/trc/hyflo/core/flow/measurement/service/implementation/SegmentFlowReadingServiceImpl.java:[15,8] dz.sh.trc.hyflo.core.flow.measurement.service.implementation.SegmentFlowReadingServiceImpl is not abstract and does not override abstract method count() in dz.sh.trc.hyflo.platform.kernel.BaseService
[ERROR] /C:/Developing/Workspace/Backend/HyFloAPI/src/main/java/dz/sh/trc/hyflo/core/flow/measurement/service/implementation/SegmentFlowReadingServiceImpl.java:[19,5] method does not override or implement a method from a supertype
[ERROR] /C:/Developing/Workspace/Backend/HyFloAPI/src/main/java/dz/sh/trc/hyflo/core/flow/measurement/service/implementation/SegmentFlowReadingServiceImpl.java:[22,5] method does not override or implement a method from a supertype
[ERROR] /C:/Developing/Workspace/Backend/HyFloAPI/src/main/java/dz/sh/trc/hyflo/core/flow/measurement/service/implementation/SegmentFlowReadingServiceImpl.java:[24,35] cannot find symbol
[ERROR]   symbol:   variable referenceResolver
[ERROR]   location: class dz.sh.trc.hyflo.core.flow.measurement.service.implementation.SegmentFlowReadingServiceImpl
[ERROR] /C:/Developing/Workspace/Backend/HyFloAPI/src/main/java/dz/sh/trc/hyflo/core/flow/measurement/service/implementation/SegmentFlowReadingServiceImpl.java:[25,71] cannot find symbol
[ERROR]   symbol:   variable referenceResolver
[ERROR]   location: class dz.sh.trc.hyflo.core.flow.measurement.service.implementation.SegmentFlowReadingServiceImpl
[ERROR] /C:/Developing/Workspace/Backend/HyFloAPI/src/main/java/dz/sh/trc/hyflo/core/flow/measurement/service/implementation/SegmentFlowReadingServiceImpl.java:[26,15] cannot find symbol
[ERROR]   symbol:   method setCalculatedAt(java.time.LocalDateTime)
[ERROR]   location: variable entity of type dz.sh.trc.hyflo.core.flow.measurement.model.SegmentFlowReading
[ERROR] /C:/Developing/Workspace/Backend/HyFloAPI/src/main/java/dz/sh/trc/hyflo/core/flow/reference/service/implementation/DataSourceServiceImpl.java:[32,15] cannot find symbol
[ERROR]   symbol:   method setSourceNature(dz.sh.trc.hyflo.core.flow.reference.model.ReadingSourceNature)
[ERROR]   location: variable entity of type dz.sh.trc.hyflo.core.flow.reference.model.DataSource
[ERROR] /C:/Developing/Workspace/Backend/HyFloAPI/src/main/java/dz/sh/trc/hyflo/core/flow/reference/service/implementation/DataSourceServiceImpl.java:[38,19] cannot find symbol
[ERROR]   symbol:   method setSourceNature(dz.sh.trc.hyflo.core.flow.reference.model.ReadingSourceNature)
[ERROR]   location: variable entity of type dz.sh.trc.hyflo.core.flow.reference.model.DataSource
[ERROR] /C:/Developing/Workspace/Backend/HyFloAPI/src/main/java/dz/sh/trc/hyflo/core/flow/workflow/service/implementation/WorkflowServiceImpl.java:[57,33] cannot find symbol
[ERROR]   symbol:   method getCode()
[ERROR]   location: variable tt of type dz.sh.trc.hyflo.core.flow.workflow.model.WorkflowTargetType
[ERROR] /C:/Developing/Workspace/Backend/HyFloAPI/src/main/java/dz/sh/trc/hyflo/core/flow/workflow/service/implementation/WorkflowServiceImpl.java:[58,40] cannot find symbol
[ERROR]   symbol:   class ResourceNotFoundException
[ERROR]   location: class dz.sh.trc.hyflo.core.flow.workflow.service.implementation.WorkflowServiceImpl
[ERROR] /C:/Developing/Workspace/Backend/HyFloAPI/src/main/java/dz/sh/trc/hyflo/core/flow/workflow/service/implementation/WorkflowServiceImpl.java:[62,33] cannot find symbol
[ERROR]   symbol:   method getCode()
[ERROR]   location: variable ws of type dz.sh.trc.hyflo.core.flow.workflow.model.WorkflowState
[ERROR] /C:/Developing/Workspace/Backend/HyFloAPI/src/main/java/dz/sh/trc/hyflo/core/flow/workflow/service/implementation/WorkflowServiceImpl.java:[63,40] cannot find symbol
[ERROR]   symbol:   class ResourceNotFoundException
[ERROR]   location: class dz.sh.trc.hyflo.core.flow.workflow.service.implementation.WorkflowServiceImpl
[ERROR] -> [Help 1]
[ERROR] 
[ERROR] To see the full stack trace of the errors, re-run Maven with the -e switch.
[ERROR] Re-run Maven using the -X switch to enable full debug logging.
[ERROR] 
[ERROR] For more information about the errors and possible solutions, please read the following articles:
[ERROR] [Help 1] http://cwiki.apache.org/confluence/display/MAVEN/MojoFailureException
